中间数据集/按品类的日粒度时序数据集/茄类.csv
日期,销量(千克),销售单价(元/千克),批发价格(元/千克),损耗率_品类,成本加成定价
2020-07-01,35.374,5.066666666666666,4.259333333333333,6.679999999999999,4.531166666666667
2020-07-22,48.247,7.731111111111111,4.179222222222222,6.679999999999999,7.147333333333333
2020-07-28,40.34,8.006666666666666,5.1546666666666665,6.679999999999999,7.997916666666667
2020-07-30,46.311,7.745679012345679,4.809506172839506,6.679999999999999,7.695277777777778
2020-08-01,48.805,7.398888888888889,4.465333333333334,6.679999999999999,7.325694444444444
2020-08-11,33.572,5.016666666666667,2.6511666666666667,6.679999999999999,4.326458333333333
2020-08-23,47.316,9.733333333333333,6.512666666666666,6.679999999999999,9.733333333333333
2020-08-31,15.943,9.866666666666667,7.532,6.679999999999999,9.866666666666667
2020-09-16,15.194,8.7,5.678333333333333,6.679999999999999,8.633999999999999
2020-09-25,26.529,6.555555555555555,4.037777777777778,6.679999999999999,6.555555555555555
2020-09-28,18.401,6.266666666666667,4.042666666666666,6.679999999999999,6.262083333333334
2020-09-30,25.865,6.159090909090909,3.980454545454546,6.679999999999999,6.105
2020-10-11,34.726,7.25,4.611166666666667,6.679999999999999,7.25
2020-10-20,13.777,6.346666666666667,4.5040000000000004,6.679999999999999,6.346666666666667
2020-10-23,14.427,6.633333333333334,4.451,6.679999999999999,6.586166666666667
2020-11-02,11.378,6.5181818181818185,4.445454545454545,6.679999999999999,6.518181818181817
2020-11-04,10.702,6.718181818181819,4.420454545454546,6.679999999999999,6.718181818181819
2020-11-11,15.584999999999999,6.16,4.1979999999999995,6.679999999999999,6.16
2020-11-23,15.902,6.506666666666666,4.924,6.679999999999999,6.506666666666667
2020-11-24,13.897,6.286666666666666,4.631666666666666,6.679999999999999,6.286666666666666
2020-12-24,9.801,8.045454545454545,5.852727272727273,6.679999999999999,8.045454545454545
2021-01-08,12.049,9.933333333333334,7.245333333333333,6.679999999999999,9.933333333333334
2021-01-19,9.304,10.136363636363637,6.277272727272727,6.679999999999999,10.136363636363637
2021-01-21,23.411,10.25,6.475,6.679999999999999,10.25
2021-02-01,13.664,12.8,8.424,6.679999999999999,12.799999999999999
2021-02-18,18.169999999999998,12.0,7.96,6.679999999999999,11.999999999999998
2021-03-04,20.344,8.772727272727273,5.614545454545455,6.679999999999999,8.7725
2021-03-07,26.748,8.883333333333333,5.014666666666667,6.679999999999999,8.700416666666666
2021-04-02,20.665,8.488888888888889,6.117333333333333,6.679999999999999,8.488888888888889
2021-04-14,18.975,8.545454545454545,6.347272727272728,6.679999999999999,8.545454545454545
2021-04-20,16.233999999999998,7.760000000000001,4.954,6.679999999999999,7.76
2021-05-18,23.783,5.081818181818182,3.104772727272727,6.679999999999999,4.934090909090909
2021-05-20,22.177,5.295454545454546,3.3463636363636367,6.679999999999999,5.266875
2021-05-31,25.363,5.644444444444445,3.239111111111111,6.679999999999999,5.317111111111111
2021-06-11,16.567,3.1666666666666665,1.8623333333333332,6.679999999999999,3.1408333333333336
2021-06-29,19.721,5.2727272727272725,3.112727272727273,6.679999999999999,5.106022727272727
2021-07-09,22.810000000000002,4.409090909090909,2.4206818181818184,6.679999999999999,4.236193181818182
2021-08-24,22.695,6.688888888888889,4.629111111111111,6.679999999999999,6.688888888888889
2021-08-29,39.917,7.91358024691358,5.402592592592593,6.679999999999999,7.8745061728395065
2021-09-05,30.823,8.466666666666667,5.448833333333334,6.679999999999999,8.162749999999999
2021-09-15,20.887,7.555555555555555,4.450888888888889,6.679999999999999,7.357555555555555
2021-09-17,22.689,6.977777777777778,4.1466666666666665,6.679999999999999,6.704999999999999
2021-09-19,46.835,6.681818181818182,3.7739772727272727,6.679999999999999,6.443920454545455
2021-10-18,10.502,13.454545454545455,7.189545454545454,6.679999999999999,10.977727272727272
2021-10-22,5.062,13.636363636363637,7.2281818181818185,6.679999999999999,12.302045454545453
2021-11-08,10.662,12.090909090909092,6.997727272727272,6.679999999999999,12.0
2021-11-17,7.203,11.6,7.1386666666666665,6.679999999999999,11.6
2021-11-19,6.776,11.6,7.067333333333334,6.679999999999999,11.596499999999999
2021-11-22,9.175,11.090909090909092,7.041818181818181,6.679999999999999,11.09090909090909
2021-11-24,9.217,12.545454545454545,7.8604545454545445,6.679999999999999,12.466363636363637
2021-11-27,11.622,9.954545454545455,6.191363636363636,6.679999999999999,9.954545454545455
2021-12-15,6.299,10.666666666666666,6.1899999999999995,6.679999999999999,10.5275
2021-12-16,4.506,10.545454545454545,6.01,6.679999999999999,10.384090909090908
2021-12-20,6.115,10.8,6.388,6.679999999999999,10.7115
2021-12-26,9.123,11.454545454545455,6.920000000000001,6.679999999999999,11.454545454545453
2021-12-28,5.317,10.533333333333333,6.824666666666667,6.679999999999999,10.533333333333331
2022-01-10,8.581999999999999,10.772727272727273,6.319999999999999,6.679999999999999,10.609090909090908
2022-01-12,10.637,10.727272727272727,6.217272727272728,6.679999999999999,10.604545454545454
2022-02-20,19.499,9.8,6.545333333333334,6.679999999999999,9.8
2022-03-14,12.678,13.56,8.437999999999999,6.679999999999999,13.56
2022-03-16,12.564,12.866666666666667,7.887,6.679999999999999,12.866666666666667
2022-03-26,23.286,13.04,8.921333333333333,6.679999999999999,13.04
2022-04-15,17.358,10.854545454545454,7.222272727272728,6.679999999999999,10.841420454545455
2022-04-18,23.28,8.933333333333334,5.3151111111111105,6.679999999999999,8.933333333333334
2022-04-20,18.031,10.053333333333333,5.336,6.679999999999999,9.071222222222223
2022-04-22,20.471,9.466666666666667,5.647333333333333,6.679999999999999,9.457722222222223
2022-04-25,20.592,9.318181818181818,5.987727272727272,6.679999999999999,9.318181818181818
2022-04-28,21.918,9.511111111111111,6.328666666666666,6.679999999999999,9.511111111111111
2022-05-10,13.224,11.4,7.019333333333333,6.679999999999999,11.4
2022-05-17,23.194,9.5,6.1922727272727265,6.679999999999999,9.5
2022-06-18,47.584,7.570454545454546,4.8255681818181815,6.679999999999999,7.570454545454546
2022-06-19,40.858,6.901234567901234,4.315802469135802,6.679999999999999,6.901234567901234
2022-06-24,22.836,8.333333333333334,4.697333333333333,6.679999999999999,8.058333333333334
2022-06-27,21.427,7.933333333333334,5.390888888888889,6.679999999999999,7.927
2022-07-19,20.509,6.924444444444445,4.097777777777778,6.679999999999999,5.923444444444445
2022-08-17,20.658,9.013333333333334,3.5477777777777777,6.679999999999999,5.990055555555554
2022-08-26,11.488,8.479999999999999,5.214333333333333,6.679999999999999,7.9559999999999995
2022-09-09,4.65,10.618181818181817,7.484545454545455,6.679999999999999,10.618181818181817
2022-10-17,5.7620000000000005,10.0,5.37,6.679999999999999,9.3975
2022-11-05,9.815999999999999,6.0,4.03,6.679999999999999,6.0
2022-11-14,5.605,6.0,3.57,6.679999999999999,6.0
2022-11-15,7.266,6.0,3.52,6.679999999999999,6.0
2022-11-23,8.243,6.181818181818182,3.7245454545454546,6.679999999999999,6.181818181818182
2022-11-25,16.927,6.2727272727272725,3.603181818181818,6.679999999999999,6.138863636363637
2022-12-09,4.422,8.0,4.91,6.679999999999999,8.0
2022-12-18,12.025,8.0,5.41,6.679999999999999,8.0
2022-12-27,6.541,8.266666666666667,5.337999999999999,6.679999999999999,8.020833333333332
2023-01-27,31.75,14.0,9.139333333333333,6.679999999999999,14.0
2023-02-01,12.689,14.0,8.472,6.679999999999999,14.0
2023-02-09,13.362,12.0,7.211,6.679999999999999,12.0
2023-02-20,7.391,12.533333333333333,9.157333333333332,6.679999999999999,12.533333333333333
2023-02-28,7.007,13.6,9.452,6.679999999999999,13.6
2023-03-01,9.504,13.454545454545455,8.957272727272727,6.679999999999999,13.454545454545455
2023-03-26,20.143,10.5,6.05,6.679999999999999,9.858636363636363
2023-03-27,12.216,10.636363636363637,6.086818181818182,6.679999999999999,9.87125
2023-03-29,8.567,8.909090909090908,5.554545454545456,6.679999999999999,8.909090909090908
2023-04-02,20.488,8.863636363636363,5.781136363636364,6.679999999999999,8.858693181818182
2023-04-05,22.225,8.666666666666666,5.559777777777778,6.679999999999999,8.64238888888889
2023-04-08,19.815,8.4,5.433333333333334,6.679999999999999,8.331833333333334
2023-04-28,22.141000000000002,7.363636363636363,4.211818181818182,6.679999999999999,7.092272727272728
2023-05-03,22.717,8.0,5.31,6.679999999999999,8.0
2023-05-14,32.974000000000004,7.0,4.6,6.679999999999999,7.0
2023-05-15,21.584,6.977777777777778,4.646,6.679999999999999,6.977777777777778
2023-05-24,15.749,7.0,3.27,6.679999999999999,5.7225
2023-05-25,21.865,7.681818181818182,3.9963636363636366,6.679999999999999,6.613522727272727
2023-06-01,18.475,9.413333333333332,6.039333333333334,6.679999999999999,9.402888888888889
2023-06-12,23.087,8.1,5.645,6.679999999999999,8.1
2023-06-19,21.207,7.937777777777778,4.963333333333333,6.679999999999999,7.937777777777778
2023-06-20,21.592,7.409090909090909,4.522045454545455,6.679999999999999,7.409090909090909
2023-06-21,24.123,7.659090909090909,4.617272727272727,6.679999999999999,7.653977272727272
2023-06-25,23.315,6.844444444444444,4.275555555555556,6.679999999999999,6.839333333333333
2020-07-02,32.199,5.392857142857143,2.5092857142857143,6.68,4.39125
2020-07-03,35.896,5.7368421052631575,4.421052631578947,6.68,5.1431578947368415
2020-07-06,30.727,7.017543859649122,3.5412280701754386,6.68,6.197149122807017
2020-07-07,32.112,6.071428571428571,3.4482142857142857,6.68,5.872544642857143
2020-07-08,39.67,6.0421875,3.68484375,6.68,5.83390625
2020-07-09,25.921,7.666666666666667,3.812291666666667,6.68,6.1933854166666675
2020-07-10,37.86,7.479032258064516,4.937741935483871,6.68,7.374193548387097
2020-07-14,34.747,6.65,3.92671875,6.68,6.09015625
2020-07-15,38.17,7.507142857142857,4.322857142857143,6.68,6.710357142857143
2020-07-16,26.586,7.512962962962963,4.297037037037037,6.68,6.77361111111111
2020-07-17,37.251,7.9,4.562463768115942,6.68,7.528188405797102
2020-07-20,33.947,8.282539682539682,4.341428571428572,6.68,7.154404761904761
2020-07-21,27.094,7.690196078431373,4.308627450980392,6.68,7.088431372549019
2020-07-23,44.142,7.643055555555555,4.3711111111111105,6.68,7.1686805555555555
2020-07-24,34.97,8.335714285714285,4.830178571428571,6.68,7.696696428571428
2020-07-27,36.121,7.432203389830509,4.898305084745763,6.68,7.432203389830509
2020-07-29,40.777,8.033333333333333,4.936956521739131,6.68,7.963333333333334
2020-07-31,34.092,7.962264150943396,4.888490566037737,6.68,7.910141509433963
2020-08-03,45.191,6.817073170731708,3.8685365853658533,6.68,6.646036585365854
2020-08-04,30.591,7.571428571428571,3.9158928571428575,6.68,6.8528125
2020-08-05,49.472,7.576470588235294,4.130588235294117,6.68,7.127588235294117
2020-08-06,31.596,8.0,4.6992982456140355,6.68,7.7596491228070175
2020-08-10,47.664,4.988235294117647,2.708235294117647,6.68,4.502235294117647
2020-08-12,36.009,6.863636363636363,3.3313636363636365,6.68,5.0227272727272725
2020-08-13,31.109,6.913793103448276,2.716379310344828,6.68,4.747456896551724
2020-08-14,37.826,7.3283582089552235,5.30044776119403,6.68,7.116231343283582
2020-08-15,43.278999999999996,7.390243902439025,5.154878048780487,6.68,6.956158536585366
2020-08-16,48.366,7.130952380952381,4.312261904761905,6.68,6.440327380952381
2020-08-17,35.014,7.34375,4.97375,6.68,7.082890625
2020-08-18,34.019,7.621212121212121,4.680606060606061,6.68,7.377272727272727
2020-08-19,30.347,7.614035087719298,4.757894736842105,6.68,7.3807017543859645
2020-08-20,37.957,8.761194029850746,5.634776119402986,6.68,7.973731343283582
2020-08-21,29.694,8.37037037037037,5.364444444444445,6.68,8.074814814814815
2020-08-22,30.422,9.60344827586207,5.608620689655172,6.68,9.349094827586207
2020-08-24,26.874,8.6,5.6934545454545455,6.68,8.6
2020-08-26,30.722,10.127272727272727,6.881454545454546,6.68,10.127272727272727
2020-08-27,19.129,10.40625,6.17375,6.68,10.17265625
2020-08-30,21.641000000000002,10.307692307692308,6.474871794871794,6.68,10.307692307692308
2020-09-02,13.873000000000001,10.4,7.9428,6.68,10.399999999999999
2020-09-03,14.172,10.571428571428571,7.497142857142857,6.68,10.571428571428571
2020-09-04,20.233,9.23076923076923,7.005641025641026,6.68,9.23076923076923
2020-09-05,33.731,9.903225806451612,7.655806451612904,6.68,9.903225806451612
2020-09-06,33.397,10.225806451612904,7.843548387096774,6.68,10.225806451612904
2020-09-07,17.365000000000002,9.8125,6.9215625,6.68,9.8125
2020-09-08,20.623,9.945945945945946,6.938918918918919,6.68,9.945945945945946
2020-09-09,12.041,9.28,7.0252,6.68,9.28
2020-09-10,16.916,9.46875,6.85,6.68,9.46875
2020-09-11,22.019,7.909090909090909,5.473939393939394,6.68,7.909090909090909
2020-09-12,21.411,9.341463414634147,6.278536585365854,6.68,9.341463414634147
2020-09-13,28.737,10.035087719298245,6.480350877192983,6.68,9.990877192982454
2020-09-14,16.134,8.709677419354838,5.695483870967742,6.68,8.461290322580645
2020-09-15,13.243,8.074074074074074,4.260370370370371,6.68,7.433425925925927
2020-09-17,22.924,8.179487179487179,5.49974358974359,6.68,8.179487179487179
2020-09-18,13.805,8.0,4.8100000000000005,6.68,7.973888888888889
2020-09-19,30.406,8.210526315789474,5.127543859649123,6.68,8.120131578947367
2020-09-21,20.868,7.380952380952381,4.18547619047619,6.68,7.237916666666665
2020-09-22,25.819,6.875,4.0008333333333335,6.68,6.71125
2020-09-24,18.9,7.138888888888889,4.447777777777778,6.68,7.138888888888889
2020-09-26,33.517,6.706896551724138,4.128448275862069,6.68,6.6482758620689655
2020-09-27,20.532,7.194444444444445,4.385000000000001,6.68,7.194444444444445
2020-09-29,24.719,6.0212765957446805,4.145957446808511,6.68,5.981063829787234
2020-10-01,32.482,5.943396226415095,3.7233962264150944,6.68,5.943396226415095
2020-10-02,38.762,5.46060606060606,3.8651515151515152,6.68,5.46060606060606
2020-10-04,43.849,5.286746987951807,3.8043373493975903,6.68,5.286746987951807
2020-10-05,31.128,5.925925925925926,3.870740740740741,6.68,5.925925925925926
2020-10-06,42.318,6.2560975609756095,4.099024390243902,6.68,6.2560975609756095
2020-10-07,29.085,6.610909090909091,4.2681818181818185,6.68,6.610909090909091
2020-10-08,33.49,6.295081967213115,3.904098360655738,6.68,6.295081967213115
2020-10-09,24.289,7.175,4.41975,6.68,7.134062500000001
2020-10-10,26.814,6.729166666666667,4.095416666666666,6.68,6.676041666666666
2020-10-12,17.876,7.5,4.6290625,6.68,7.499999999999999
2020-10-13,23.119,7.425531914893617,4.766808510638298,6.68,7.425531914893617
2020-10-14,13.741999999999999,7.36551724137931,4.752758620689655,6.68,7.36551724137931
2020-10-15,19.447,6.92,4.7025,6.68,6.92
2020-10-16,20.139,6.590000000000001,4.66375,6.68,6.590000000000001
2020-10-17,30.556,6.455737704918033,4.595737704918033,6.68,6.455737704918033
2020-10-18,36.361,6.433333333333334,4.4575,6.68,6.433333333333334
2020-10-19,20.03,6.48,4.5685714285714285,6.68,6.48
2020-10-21,15.327,7.006451612903225,4.449354838709677,6.68,7.006451612903225
2020-10-22,14.725,7.135714285714286,4.427857142857143,6.68,7.108839285714287
2020-10-24,22.221,6.75897435897436,4.349743589743589,6.68,6.723717948717949
2020-10-25,30.136,6.626415094339622,4.502641509433962,6.68,6.626415094339622
2020-10-26,10.797,6.533333333333333,4.5947619047619055,6.68,6.533333333333333
2020-10-27,13.444,6.325,4.673333333333333,6.68,6.325
2020-10-28,12.238,6.112,4.7372000000000005,6.68,6.112
2020-10-29,14.436,6.42962962962963,4.372962962962963,6.68,6.4296296296296305
2020-10-30,12.192,6.948387096774193,4.730967741935483,6.68,6.948387096774193
2020-10-31,16.499,6.20625,4.288125,6.68,6.20625
2020-11-01,15.407,6.757142857142857,4.443928571428572,6.68,6.757142857142857
2020-11-03,10.846,6.634782608695652,4.42304347826087,6.68,6.634782608695653
2020-11-05,9.067,6.676190476190476,4.347142857142857,6.68,6.676190476190476
2020-11-06,7.22,6.329411764705882,4.398235294117647,6.68,6.329411764705882
2020-11-08,16.906,6.270967741935484,4.235806451612904,6.68,6.270967741935484
2020-11-09,10.063,6.20952380952381,4.070476190476191,6.68,6.20952380952381
2020-11-10,9.574,6.44,4.3445,6.68,6.4399999999999995
2020-11-12,15.508000000000001,6.425,4.1846875,6.68,6.425
2020-11-13,8.044,5.977777777777778,3.9899999999999998,6.68,5.977777777777778
2020-11-14,18.146,5.172222222222222,3.5044444444444443,6.68,5.172222222222222
2020-11-15,17.736,5.422222222222222,3.612222222222222,6.68,5.4222222222222225
2020-11-16,15.672,5.447058823529411,3.538235294117647,6.68,5.447058823529412
2020-11-17,12.224,5.564285714285715,3.8007142857142857,6.68,5.564285714285715
2020-11-18,15.946,6.124324324324324,3.935405405405406,6.68,6.124324324324324
2020-11-19,12.808,6.735714285714286,4.4825,6.68,6.735714285714286
2020-11-20,9.804,6.6947368421052635,4.405789473684211,6.68,6.6947368421052635
2020-11-21,25.15,6.703703703703703,4.46962962962963,6.68,6.672314814814815
2020-11-22,26.933,6.913793103448276,4.7379310344827585,6.68,6.913793103448276
2020-11-25,13.199,6.643478260869566,4.2495652173913046,6.68,6.643478260869566
2020-11-26,12.868,7.377777777777777,4.488518518518519,6.68,7.377777777777777
2020-11-28,18.759,7.641025641025641,5.525897435897436,6.68,7.641025641025641
2020-11-30,18.29,7.617647058823529,5.344117647058824,6.68,7.617647058823529
2020-12-01,9.271,8.45217391304348,5.771739130434782,6.68,8.45217391304348
2020-12-02,9.603,8.066666666666666,5.46625,6.68,8.066666666666668
2020-12-03,12.913,9.16551724137931,6.065172413793104,6.68,9.165431034482758
2020-12-04,11.517,8.125,5.502916666666667,6.68,8.053958333333332
2020-12-05,18.692999999999998,8.18918918918919,5.7813513513513515,6.68,8.151081081081081
2020-12-06,18.881,7.728205128205129,5.426923076923077,6.68,7.655897435897436
2020-12-07,10.536999999999999,8.2,5.652,6.68,8.1718
2020-12-08,10.904,8.48,5.857200000000001,6.68,8.4236
2020-12-09,9.89,8.210526315789474,5.737894736842105,6.68,8.210526315789474
2020-12-10,11.411,8.24,5.6084000000000005,6.68,8.0918
2020-12-11,14.918,8.516129032258064,5.809032258064517,6.68,8.277096774193547
2020-12-12,11.965,8.782608695652174,5.752608695652174,6.68,8.389130434782608
2020-12-13,20.845,8.583333333333334,5.614999999999999,6.68,8.436927083333334
2020-12-14,12.715,8.4375,5.2196875,6.68,8.055859375
