中间数据集/按品类的日粒度时序数据集/茄类.csv
日期,销量(千克),销售单价(元/千克),批发价格(元/千克),损耗率_品类,成本加成定价
2021-10-17,13.639,12.592592592592593,7.158148148148149,6.68,11.58287037037037
2021-10-19,8.766,11.80952380952381,7.6519047619047615,6.68,9.928095238095239
2021-10-20,8.978,11.666666666666666,7.953333333333333,6.68,10.59736111111111
2021-10-21,11.262,14.25,7.559166666666666,6.68,12.421875
2021-10-23,9.346,14.0,7.923333333333333,6.68,13.535833333333333
2021-10-24,11.389,13.8,8.686499999999999,6.68,13.8
2021-10-25,7.279,13.875,9.37125,6.68,13.875
2021-10-26,8.68,13.333333333333334,9.183333333333334,6.68,13.333333333333332
2021-10-27,6.836,14.070588235294117,9.294117647058824,6.68,14.06235294117647
2021-10-28,3.122,14.514285714285714,9.885714285714286,6.68,14.514285714285714
2021-10-29,11.124,11.333333333333334,9.111904761904762,6.68,11.329166666666666
2021-10-30,12.133000000000001,10.64,9.2808,6.68,10.64
2021-10-31,8.639,12.2,9.045,6.68,12.093250000000001
2021-11-01,10.293000000000001,11.529411764705882,7.231176470588235,6.68,11.045588235294119
2021-11-02,13.551,11.185185185185185,6.822592592592592,6.68,10.75287037037037
2021-11-03,5.176,13.2,7.266,6.68,12.149999999999999
2021-11-04,12.227,11.142857142857142,6.731428571428572,6.68,10.751190476190477
2021-11-05,6.524,10.714285714285714,6.798571428571428,6.68,10.596785714285716
2021-11-06,9.658,10.6,6.599500000000001,6.68,10.45475
2021-11-07,14.185,10.875,6.7934375000000005,6.68,10.8159375
2021-11-09,3.419,12.0,6.840000000000001,6.68,11.969999999999999
2021-11-10,3.044,12.0,6.91875,6.68,11.9584375
2021-11-11,3.602,12.5,7.6925,6.68,12.5
2021-11-12,10.337,12.833333333333334,8.160416666666666,6.68,12.833333333333334
2021-11-13,10.383000000000001,11.166666666666666,7.285416666666666,6.68,10.870624999999999
2021-11-14,14.612,12.181818181818182,8.075454545454546,6.68,12.181818181818182
2021-11-15,7.194,11.333333333333334,7.417222222222222,6.68,11.333333333333334
2021-11-16,2.8339999999999996,12.0,7.431428571428571,6.68,12.0
2021-11-18,3.246,12.0,7.36625,6.68,12.0
2021-11-20,9.051,12.095238095238095,7.4557142857142855,6.68,12.095238095238095
2021-11-21,17.990000000000002,11.08108108108108,6.84918918918919,6.68,11.08108108108108
2021-11-23,5.163,12.0,7.052499999999999,6.68,11.342916666666666
2021-11-25,5.166,12.333333333333334,7.859166666666667,6.68,12.242708333333333
2021-11-26,6.0600000000000005,11.294117647058824,7.051176470588236,6.68,11.166176470588235
2021-11-28,9.693999999999999,10.38888888888889,6.247777777777778,6.68,10.38888888888889
2021-11-30,7.103,11.0,6.2375,6.68,10.415625
2021-12-01,5.252,10.666666666666666,5.8975,6.68,9.965416666666666
2021-12-02,4.474,10.8,6.063,6.68,10.1455
2021-12-04,9.205,10.666666666666666,6.307916666666667,6.68,10.666666666666666
2021-12-05,10.65,11.130434782608695,6.384782608695652,6.68,11.02608695652174
2021-12-06,8.862,9.6,6.1145000000000005,6.68,9.56075
2021-12-07,6.648000000000001,10.705882352941176,6.43235294117647,6.68,10.50764705882353
2021-12-08,7.96,10.0,6.5064705882352944,6.68,9.976911764705882
2021-12-09,7.2540000000000004,9.5,6.1775,6.68,9.5
2021-12-10,8.928,8.782608695652174,5.937391304347826,6.68,8.76858695652174
2021-12-11,10.714,10.608695652173912,5.853478260869565,6.68,10.216195652173912
2021-12-13,1.537,11.0,6.83,6.68,10.375
2021-12-14,5.4719999999999995,11.0,6.883571428571429,6.68,10.957857142857142
2021-12-17,10.173,11.1,6.74,6.68,11.012625
2021-12-18,11.996,11.333333333333334,6.8207407407407405,6.68,11.240462962962964
2021-12-19,9.451,11.217391304347826,6.72304347826087,6.68,11.121195652173913
2021-12-21,6.431,11.882352941176471,7.4005882352941175,6.68,11.830294117647059
2021-12-23,6.563,9.857142857142858,6.517857142857143,6.68,9.857142857142858
2021-12-24,8.624,8.9,6.0009999999999994,6.68,8.77975
2021-12-25,13.596,9.483870967741936,6.383225806451613,6.68,9.483870967741936
2021-12-27,5.35,11.333333333333334,6.826666666666667,6.68,11.333333333333334
2021-12-29,3.0269999999999997,9.714285714285714,5.659999999999999,6.68,9.656428571428572
2021-12-30,11.272,10.695652173913043,7.442608695652174,6.68,10.679565217391303
2021-12-31,12.997,10.428571428571429,6.609285714285714,6.68,10.428571428571429
2022-01-01,18.428,10.461538461538462,6.014102564102564,6.68,9.923076923076923
2022-01-02,13.349,10.16,6.0036000000000005,6.68,9.86
2022-01-03,12.782,10.428571428571429,6.159999999999999,6.68,9.999999999999998
2022-01-04,8.174,10.222222222222221,6.002222222222223,6.68,9.77888888888889
2022-01-05,9.827,10.608695652173912,6.326956521739129,6.68,10.152173913043478
2022-01-06,7.001,11.428571428571429,5.974285714285714,6.68,9.888214285714286
2022-01-07,16.284,11.166666666666666,6.348055555555556,6.68,10.655347222222222
2022-01-08,14.224,10.709677419354838,6.482258064516129,6.68,10.40717741935484
2022-01-13,12.889,11.275862068965518,6.463103448275862,6.68,11.120689655172415
2022-01-14,6.196,11.375,6.404375,6.68,11.098906249999999
2022-01-15,9.146,10.3,6.2965,6.68,10.10575
2022-01-16,14.67,10.444444444444445,6.459722222222222,6.68,10.35201388888889
2022-01-17,10.665,10.5,6.513750000000001,6.68,10.41375
2022-01-18,8.478,10.666666666666666,6.464444444444444,6.68,10.551666666666668
2022-01-19,4.2059999999999995,10.8,6.197,6.68,10.4765
2022-01-20,22.912,10.88679245283019,6.447924528301887,6.68,10.665566037735848
2022-01-21,23.798000000000002,10.781818181818181,6.4443636363636365,6.68,10.551954545454548
2022-01-22,22.592,14.804347826086957,6.538913043478261,6.68,11.398750000000001
2022-01-23,25.009,14.440677966101696,8.979491525423729,6.68,13.689533898305084
2022-01-24,25.579,14.53061224489796,9.26469387755102,6.68,14.092857142857142
2022-01-25,26.834,14.30188679245283,9.54452830188679,6.68,14.052830188679245
2022-01-26,31.875,14.548387096774194,9.416129032258064,6.68,14.20241935483871
2022-02-05,43.637,12.439024390243903,10.887926829268292,6.68,12.334756097560977
2022-02-07,25.718,12.507936507936508,10.498095238095239,6.68,12.507936507936508
2022-02-08,28.361,12.34920634920635,8.447142857142856,6.68,12.34920634920635
2022-02-09,17.827,12.25,7.91775,6.68,12.25
2022-02-10,18.122,11.405405405405405,7.952162162162162,6.68,11.405405405405405
2022-02-11,16.356,11.692307692307692,7.7007692307692315,6.68,11.692307692307692
2022-02-12,19.233,9.934782608695652,7.208043478260869,6.68,9.934782608695652
2022-02-13,18.593,9.634146341463415,6.80390243902439,6.68,9.608536585365853
2022-02-14,22.165,9.82,7.2524,6.68,9.77065
2022-02-15,13.33,9.714285714285714,6.9775,6.68,9.709285714285715
2022-02-16,8.002,10.0,6.529999999999999,6.68,10.000000000000002
2022-02-17,16.258,9.594594594594595,6.2043243243243245,6.68,9.594594594594597
2022-02-18,13.181,9.545454545454545,6.152424242424242,6.68,9.545454545454545
2022-02-21,12.819,9.758620689655173,6.7493103448275855,6.68,9.758620689655173
2022-02-22,14.993,9.625,7.03125,6.68,9.625
2022-02-23,10.987,11.518518518518519,7.985185185185185,6.68,11.518518518518519
2022-02-25,15.162,11.235294117647058,7.233823529411765,6.68,11.235294117647058
2022-02-26,22.413,11.673469387755102,8.114897959183674,6.68,11.646734693877551
2022-02-28,14.358,11.055555555555555,7.427499999999999,6.68,11.055555555555555
2022-03-01,13.075,13.225806451612904,9.68741935483871,6.68,13.225806451612904
2022-03-02,8.61,13.19047619047619,8.73904761904762,6.68,13.19047619047619
2022-03-03,14.025,14.690322580645162,10.55258064516129,6.68,14.69032258064516
2022-03-04,9.297,11.933333333333334,7.770952380952381,6.68,11.933333333333334
2022-03-05,14.836,13.820512820512821,9.302307692307693,6.68,13.811538461538463
2022-03-06,19.161,12.073684210526316,8.073421052631579,6.68,12.073684210526316
2022-03-07,11.448,12.785185185185185,7.999259259259259,6.68,12.785185185185187
2022-03-08,9.594,13.339130434782609,8.589130434782609,6.68,13.339130434782609
2022-03-09,8.401,13.466666666666667,8.751428571428571,6.68,13.466666666666667
2022-03-10,10.189,13.51304347826087,8.822608695652173,6.68,13.51304347826087
2022-03-11,15.262,14.43157894736842,9.715,6.68,14.43157894736842
2022-03-12,24.795,13.851851851851851,9.291111111111112,6.68,13.851851851851851
2022-03-13,19.47,12.765217391304349,7.7443478260869565,6.68,12.765217391304349
2022-03-15,12.816,12.7375,7.346875000000001,6.68,12.499843750000002
2022-03-17,15.834,13.567567567567568,8.927567567567568,6.68,13.49141891891892
2022-03-18,16.346,14.102564102564102,8.827435897435898,6.68,14.102564102564102
2022-03-19,26.011,13.761194029850746,9.089253731343284,6.68,13.761194029850746
2022-03-20,21.443,13.854545454545455,8.615272727272727,6.68,13.854545454545455
2022-03-21,25.338,13.061016949152544,7.992881355932203,6.68,12.958389830508477
2022-03-22,21.947,13.085714285714285,8.020357142857144,6.68,12.959285714285715
2022-03-23,17.569,13.299999999999999,8.058333333333334,6.68,13.106250000000001
2022-03-24,16.036,13.427027027027027,8.912162162162161,6.68,13.427027027027027
2022-03-25,17.128,14.205128205128204,9.74102564102564,6.68,14.205128205128204
2022-03-27,26.977,13.348275862068967,9.067241379310344,6.68,13.348275862068967
2022-03-28,15.998000000000001,13.216216216216216,9.003783783783783,6.68,13.216216216216216
2022-03-29,13.184,13.76875,9.3875,6.68,13.76875
2022-03-30,17.223,14.0,9.70325,6.68,14.0
2022-04-02,18.016000000000002,15.08780487804878,9.471951219512196,6.68,15.08780487804878
2022-04-05,15.356,14.777142857142858,9.793714285714286,6.68,14.777142857142858
2022-04-07,14.479,15.038888888888888,9.774166666666666,6.68,15.038888888888888
2022-04-08,12.371,12.94375,9.489375,6.68,12.94375
2022-04-09,27.258,12.178181818181818,9.178545454545455,6.68,12.178181818181818
2022-04-10,24.485,11.592857142857142,7.998214285714285,6.68,11.592857142857142
2022-04-11,10.687,12.575000000000001,8.286666666666667,6.68,12.574999999999998
2022-04-13,20.903,11.63265306122449,7.735306122448979,6.68,11.63265306122449
2022-04-14,21.356,11.038297872340424,6.971276595744682,6.68,10.941010638297874
2022-04-16,32.118,10.670967741935485,7.240806451612904,6.68,10.65233870967742
2022-04-17,32.008,9.5,6.026805555555556,6.68,9.494652777777778
2022-04-19,16.985,10.329411764705881,5.568529411764707,6.68,9.4375
2022-04-21,11.668,10.914285714285713,6.027857142857143,6.68,10.183125000000002
2022-04-23,25.194,10.34909090909091,6.403818181818181,6.68,10.349090909090908
2022-04-26,14.113,10.121212121212121,6.292424242424242,6.68,10.121212121212121
2022-04-27,24.953,9.914285714285715,6.073928571428572,6.68,9.914285714285715
2022-04-29,29.707,8.072727272727272,5.348909090909091,6.68,8.072727272727274
2022-04-30,35.229,9.488888888888889,5.821944444444444,6.68,9.48201388888889
2022-05-01,36.606,9.666666666666666,6.0344444444444445,6.68,9.662604166666666
2022-05-02,47.127,7.680851063829787,5.479361702127659,6.68,7.680851063829787
2022-05-03,42.378,7.2285714285714295,5.866666666666667,6.68,7.167827380952381
2022-05-04,44.495,7.964835164835164,6.638571428571429,6.68,7.952884615384616
2022-05-05,26.05,7.901886792452831,6.701698113207547,6.68,7.8950471698113205
2022-05-06,32.15,7.414925373134328,6.460746268656717,6.68,7.414925373134328
2022-05-07,34.564,9.80281690140845,7.307605633802817,6.68,9.62992957746479
2022-05-08,33.433,9.016666666666667,7.179444444444444,6.68,8.693750000000001
2022-05-09,34.866,8.9375,6.3984375,6.68,8.92484375
2022-05-11,15.419,10.68421052631579,7.289999999999999,6.68,10.68421052631579
2022-05-12,22.173,9.148936170212766,6.700212765957446,6.68,9.148936170212766
2022-05-13,45.528,8.707317073170731,6.338658536585366,6.68,8.707317073170731
2022-05-15,43.627,9.662921348314606,6.3243820224719105,6.68,9.662921348314606
2022-05-16,19.412,8.878048780487806,5.917073170731707,6.68,8.851951219512195
2022-05-20,22.675,10.3,6.572750000000001,6.68,10.284625
2022-05-21,43.426,8.475,5.597125,6.68,8.471250000000001
2022-05-22,29.841,9.333333333333334,6.562456140350878,6.68,9.333333333333334
2022-05-23,26.0,9.192,6.4136,6.68,9.192
2022-05-24,29.285,8.701754385964913,6.147368421052631,6.68,8.701754385964913
2022-05-25,22.563,8.108333333333333,6.108333333333333,6.68,7.866510416666667
2022-05-26,29.903,7.25,6.00953125,6.68,7.09859375
2022-05-27,27.341,6.382978723404255,4.488085106382979,6.68,6.139627659574468
2022-05-30,25.618,5.4750000000000005,3.4904166666666665,6.68,5.474999999999999
2022-05-31,18.11,5.31764705882353,3.3905882352941177,6.68,5.317647058823529
2022-06-01,21.105,6.95,4.0089999999999995,6.68,6.616624999999999
2022-06-02,34.716,6.327586206896552,4.0518965517241385,6.68,6.327586206896552
2022-06-04,39.752,6.028947368421052,3.0814473684210526,6.68,5.347796052631579
2022-06-05,42.328,5.72054794520548,2.9513698630136984,6.68,5.164897260273973
2022-06-06,37.312,5.44,3.0147999999999997,6.68,5.215766666666667
2022-06-07,23.212,6.583333333333333,3.6779166666666665,6.68,6.34515625
2022-06-08,27.37,5.254901960784314,3.20921568627451,6.68,5.166372549019608
2022-06-09,35.271,4.655737704918033,3.135409836065574,6.68,4.655737704918033
2022-06-10,38.776,5.383561643835616,3.5795890410958906,6.68,5.383561643835616
2022-06-12,49.505,5.944086021505376,3.3798924731182796,6.68,5.857983870967742
2022-06-13,33.306,5.340983606557377,3.045901639344262,6.68,5.109713114754098
2022-06-14,29.762,6.96875,3.7,6.68,6.43828125
2022-06-15,33.776,7.023529411764706,3.9752941176470586,6.68,6.765588235294118
2022-06-16,35.463,6.41639344262295,3.660983606557377,6.68,5.820409836065574
2022-06-17,36.326,7.208695652173914,4.472463768115942,6.68,7.203695652173913
2022-06-20,27.416,6.803571428571429,3.9717857142857143,6.68,6.801026785714285
2022-06-22,22.451,7.859999999999999,4.8315,6.68,7.8590625
2022-06-23,17.152,6.61875,4.21625,6.68,6.61875
2022-06-25,28.57,7.517241379310345,4.673448275862069,6.68,7.483103448275862
2022-06-26,33.783,7.696969696969697,5.0612121212121215,6.68,7.686969696969697
2022-06-28,13.137,7.620689655172414,5.282413793103448,6.68,7.620689655172414
2022-06-29,26.758,7.12962962962963,4.99037037037037,6.68,7.12962962962963
2022-06-30,21.969,6.702564102564102,4.423846153846154,6.68,6.628205128205129
2022-07-01,17.165,7.485714285714286,4.396571428571429,6.68,7.127500000000001
2022-07-02,27.475,6.3959183673469395,3.9395918367346936,6.68,6.1459183673469395
2022-07-03,42.368,7.561290322580645,4.186774193548388,6.68,6.86491935483871
2022-07-04,17.802,7.082352941176471,3.683529411764706,6.68,6.182647058823529
2022-07-05,17.524,6.458064516129032,3.5812903225806454,6.68,5.936935483870968
2022-07-06,9.038,7.0,3.531,6.68,6.179250000000001
2022-07-07,14.602,7.032258064516129,3.8080645161290327,6.68,6.664112903225806
2022-07-08,7.971,7.285714285714286,3.88,6.68,6.79
2022-07-09,26.107,7.444444444444445,4.28,6.68,7.176666666666667
2022-07-10,21.797,7.571428571428571,4.576326530612245,6.68,7.313775510204081
2022-07-11,30.141,7.7368421052631575,4.681754385964912,6.68,7.510087719298245
2022-07-12,19.218,7.375,3.7085,6.68,6.464562500000001
2022-07-13,12.754999999999999,6.5,3.470833333333333,6.68,6.046458333333334
2022-07-14,14.374,8.028571428571428,3.2485714285714287,6.68,5.598571428571428
2022-07-15,11.364,7.666666666666667,2.61,6.68,4.36
2022-07-16,18.431,8.217647058823529,3.9529411764705884,6.68,6.3211764705882345
2022-07-17,21.934,8.230434782608697,4.308913043478261,6.68,6.160054347826088
2022-07-18,11.582,8.687999999999999,4.1532,6.68,6.063300000000001
2022-07-20,17.192,6.83030303030303,3.6578787878787877,6.68,5.561893939393939
2022-07-21,18.296,5.848275862068966,3.490689655172414,6.68,5.383620689655173
2022-07-22,16.449,6.41875,4.6784375,6.68,6.316484375
2022-07-23,20.601,6.942857142857143,4.787142857142857,6.68,6.830357142857143
2022-07-24,10.549,6.166666666666667,4.18,6.68,6.166666666666667
2022-07-25,17.972,6.8,4.974,6.68,6.8
2022-07-26,18.262,6.411764705882353,4.440882352941176,6.68,6.411764705882353
2022-07-27,14.402,7.492857142857143,4.866071428571429,6.68,7.423482142857144
2022-07-29,15.616,7.2592592592592595,4.481481481481482,6.68,7.2592592592592595
2022-07-30,13.837,6.814814814814815,4.294814814814814,6.68,6.814814814814815
2022-07-31,19.875,6.657894736842105,4.500263157894737,6.68,6.657894736842105
2022-08-01,29.243,7.866101694915255,5.434745762711865,6.68,7.866101694915255
2022-08-02,14.100999999999999,6.333333333333333,4.26,6.68,6.333333333333333
2022-08-03,15.584999999999999,8.030303030303031,5.206666666666666,6.68,8.030303030303031
2022-08-04,17.149,7.676470588235294,5.436764705882353,6.68,7.676470588235294
2022-08-06,15.462,8.405714285714286,5.548857142857143,6.68,8.038
2022-08-07,26.316,8.714285714285714,5.187678571428571,6.68,7.936160714285713
2022-08-08,18.528,8.282051282051283,5.473846153846154,6.68,7.867820512820513
2022-08-09,17.542,9.432432432432432,5.2640540540540535,6.68,8.365135135135136
2022-08-10,17.255,9.31578947368421,5.53421052631579,6.68,8.325657894736842
2022-08-11,13.387,9.482758620689655,5.298275862068966,6.68,8.270172413793103
2022-08-12,15.139,9.057142857142857,4.704000000000001,6.68,7.541214285714287
2022-08-13,28.498,9.120689655172415,4.931034482758621,6.68,7.759439655172414
2022-08-14,32.987,8.487671232876712,3.259178082191781,6.68,5.0340410958904105
2022-08-15,24.222,8.859649122807017,3.570877192982456,6.68,5.9165789473684205
2022-08-18,26.979,8.721311475409836,3.7070491803278687,6.68,6.222459016393443
2022-08-20,18.641,8.063829787234043,4.3948936170212765,6.68,7.201702127659574
2022-08-21,19.233,10.135,4.556,6.68,7.973000000000001
2022-08-22,14.33,7.027777777777778,3.9716666666666662,6.68,6.172638888888889
2022-08-23,13.572000000000001,9.147058823529411,4.324705882352941,6.68,7.308161764705883
2022-08-24,14.23,8.621621621621621,4.392162162162162,6.68,7.287972972972972
2022-08-25,12.514,9.363636363636363,4.359090909090909,6.68,7.379545454545455
2022-08-27,19.554,8.454716981132076,3.8839622641509433,6.68,6.121792452830189
2022-08-28,25.88,8.306451612903226,4.993870967741936,6.68,7.466532258064516
2022-08-29,13.378,8.627777777777778,4.770277777777777,6.68,7.674444444444443
2022-08-30,7.934,7.263999999999999,4.3936,6.68,6.871
2022-08-31,3.3040000000000003,6.9,4.18,6.68,6.598999999999999
2022-09-01,11.464,11.317241379310344,5.818620689655171,6.68,9.955344827586206
