中间数据集/按品类的日粒度时序数据集/茄类.csv
日期,销量(千克),销售单价(元/千克),批发价格(元/千克),损耗率_品类,成本加成定价
2020-07-13,44.379,7.0151898734177225,4.158227848101266,6.680000000000001,6.522911392405064
2020-08-25,23.272,10.057692307692308,6.446153846153846,6.680000000000001,10.057692307692308
2020-08-28,24.597,10.651162790697674,6.459999999999999,6.680000000000001,10.601511627906975
2020-08-29,30.675,10.942307692307692,6.616153846153846,6.680000000000001,10.942307692307692
2020-09-01,26.329,10.44186046511628,7.741627906976744,6.680000000000001,10.441860465116278
2020-09-20,41.474,7.506329113924051,4.883924050632912,6.680000000000001,7.085601265822786
2020-09-23,22.515,7.023255813953488,4.2806976744186045,6.680000000000001,6.982965116279069
2020-11-07,10.878,6.3538461538461535,4.148076923076923,6.680000000000001,6.3538461538461535
2020-11-27,13.175,8.215384615384615,5.0819230769230765,6.680000000000001,7.759038461538462
2020-11-29,20.702,7.511627906976744,5.517209302325582,6.680000000000001,7.511627906976744
2020-12-28,13.266,8.423076923076923,5.869230769230769,6.680000000000001,8.423076923076922
2020-12-31,20.725,9.046511627906977,6.619999999999999,6.680000000000001,8.924418604651162
2021-01-09,17.965,9.953488372093023,7.1355813953488365,6.680000000000001,9.824651162790698
2021-01-10,23.755,9.903846153846153,6.706346153846154,6.680000000000001,9.903846153846153
2021-01-17,24.613,9.26923076923077,6.0503846153846155,6.680000000000001,9.26923076923077
2021-01-23,20.333,9.232558139534884,6.707906976744186,6.680000000000001,9.232558139534884
2021-01-25,20.041,9.418604651162791,6.6758139534883725,6.680000000000001,9.418604651162791
2021-01-29,15.072,10.23076923076923,6.974615384615385,6.680000000000001,10.23076923076923
2021-02-20,21.798000000000002,11.3,8.534038461538461,6.680000000000001,11.299999999999999
2021-03-20,21.477,8.883720930232558,6.023023255813953,6.680000000000001,8.766279069767442
2021-03-22,11.561,8.384615384615385,5.8826923076923086,6.680000000000001,8.384615384615385
2021-03-27,26.111,8.307692307692308,6.059230769230769,6.680000000000001,8.307692307692308
2021-04-01,20.604,9.348837209302326,6.389302325581395,6.680000000000001,9.348837209302326
2021-04-28,27.487000000000002,7.561538461538461,5.125384615384615,6.680000000000001,7.561538461538461
2021-05-03,25.175,8.6,5.296346153846154,6.680000000000001,8.455769230769231
2021-05-07,20.724,7.232558139534884,5.392558139534883,6.680000000000001,7.218837209302326
2021-06-12,48.073,6.4,3.4706315789473683,6.680000000000001,5.657921052631578
2021-08-03,48.444,8.16842105263158,6.8293684210526315,6.680000000000001,8.154947368421054
2021-08-25,27.139,6.711538461538462,4.395384615384615,6.680000000000001,6.654663461538461
2021-09-25,35.554,6.8354430379746836,4.361518987341772,6.680000000000001,6.661012658227847
2021-09-28,19.695999999999998,7.3023255813953485,4.091627906976744,6.680000000000001,7.140988372093023
2021-11-29,5.796,12.153846153846153,7.341538461538462,6.680000000000001,11.694615384615386
2021-12-03,5.683,10.923076923076923,6.176153846153846,6.680000000000001,10.715384615384615
2021-12-12,10.426,10.384615384615385,5.621538461538462,6.680000000000001,9.69326923076923
2021-12-22,4.455,11.692307692307692,7.593846153846154,6.680000000000001,11.692307692307692
2022-01-09,11.879,11.0,6.291538461538461,6.680000000000001,10.588653846153846
2022-01-11,10.573,10.076923076923077,5.982692307692307,6.680000000000001,9.990384615384615
2022-02-06,38.299,12.511627906976743,10.44872093023256,6.680000000000001,12.487674418604652
2022-02-19,19.604,9.98076923076923,6.4586538461538465,6.680000000000001,9.98076923076923
2022-02-24,11.295,11.76923076923077,7.726153846153846,6.680000000000001,11.719423076923077
2022-02-27,17.194,12.093023255813954,9.126279069767442,6.680000000000001,12.093023255813954
2022-04-12,20.041,10.334883720930232,6.496744186046512,6.680000000000001,10.334883720930234
2022-04-24,13.679,8.76923076923077,5.71076923076923,6.680000000000001,8.76923076923077
2022-05-18,21.794,10.186046511627907,6.181627906976744,6.680000000000001,10.041686046511627
2022-05-19,21.799,9.767441860465116,6.08953488372093,6.680000000000001,9.767441860465116
2022-06-11,48.32,5.673684210526316,3.7702105263157897,6.680000000000001,5.673684210526316
2022-06-21,27.152,8.03076923076923,4.781538461538461,6.680000000000001,8.03076923076923
2022-07-28,22.580000000000002,7.26046511627907,4.743953488372093,6.680000000000001,7.1550581395348845
2022-08-05,13.432,8.0,5.7092307692307696,6.680000000000001,8.0
2022-08-16,18.14,9.023255813953488,3.294883720930233,6.680000000000001,5.7660465116279065
2022-10-22,7.952,10.0,4.65,6.680000000000001,8.137500000000001
2022-11-11,7.801,6.0,3.76,6.680000000000001,5.999999999999999
2022-12-10,6.572,8.0,5.17,6.680000000000001,7.999999999999999
2022-12-20,6.731,8.0,5.03,6.680000000000001,8.0
2022-12-25,5.742,8.0,5.4,6.680000000000001,8.0
2022-12-31,5.574,8.307692307692308,5.166153846153846,6.680000000000001,8.025384615384615
2023-01-25,37.569,14.545454545454545,9.290909090909091,6.680000000000001,14.545454545454545
2023-02-21,12.593,12.0,8.707307692307692,6.680000000000001,12.0
2023-02-22,9.991,12.0,8.840769230769231,6.680000000000001,12.0
2023-03-11,20.211,12.046511627906977,6.748837209302326,6.680000000000001,11.670116279069768
2023-03-12,18.27,12.13953488372093,7.022790697674419,6.680000000000001,11.862209302325581
2023-03-13,12.188,12.153846153846153,6.953461538461538,6.680000000000001,11.761057692307693
2023-04-03,19.201,8.511627906976743,5.409302325581396,6.680000000000001,8.505755813953488
2023-04-10,12.818,8.923076923076923,6.194615384615385,6.680000000000001,8.923076923076923
2023-04-11,13.366,8.461538461538462,5.884230769230769,6.680000000000001,8.461538461538462
2023-05-08,21.757,8.0,6.040000000000001,6.680000000000001,8.0
2023-05-19,15.232,7.0,4.01,6.680000000000001,7.0
2023-05-22,25.981,6.953846153846154,3.7640384615384614,6.680000000000001,6.587067307692308
2023-06-03,39.399,9.057142857142857,5.514025974025974,6.680000000000001,8.935064935064934
2023-06-09,21.798,8.837209302325581,5.621860465116279,6.680000000000001,8.769767441860466
2023-06-11,43.303,9.048101265822785,5.775063291139241,6.680000000000001,8.842088607594938
2023-06-16,24.133,8.684615384615386,5.229423076923077,6.680000000000001,8.684615384615384
